[26Mar2025 16:53:17.715] [main/INFO] [cpw.mods.modlauncher.Launcher/MODLAUNCHER]: ModLauncher running: args [--launchTarget, forgeclientuserdev, --version, 21.1.92, --assetIndex, 17, --assetsDir, C:\\Users\\benlo\\.mcreator\\gradle\\caches\\neoformruntime\\assets, --gameDir, ., --fml.neoForgeVersion, 21.1.92, --fml.fmlVersion, 4.0.34, --fml.mcVersion, 1.21.1, --fml.neoFormVersion, 20240808.144430]
[26Mar2025 16:53:17.719] [main/INFO] [cpw.mods.modlauncher.Launcher/MODLAUNCHER]: JVM identified as Eclipse Adoptium OpenJDK 64-Bit Server VM 21.0.5+11-LTS
[26Mar2025 16:53:17.720] [main/INFO] [cpw.mods.modlauncher.Launcher/MODLAUNCHER]: ModLauncher 11.0.4+main.d2e20e43 starting: java version 21.0.5 by Eclipse Adoptium; OS Windows 11 arch amd64 version 10.0
[26Mar2025 16:53:17.860] [main/WARN] [net.neoforged.fml.loading.FMLConfig/CORE]: Configuration file G:\MODS\AoW\AoW\run\config\fml.toml is not correct. Correcting
[26Mar2025 16:53:17.908] [main/INFO] [net.neoforged.fml.loading.ImmediateWindowHandler/]: Loading ImmediateWindowProvider fmlearlywindow
[26Mar2025 16:53:18.028] [main/INFO] [EARLYDISPLAY/]: Trying GL version 4.6
[26Mar2025 16:53:18.252] [main/INFO] [EARLYDISPLAY/]: Requested GL version 4.6 got version 4.6
[26Mar2025 16:53:18.526] [main/INFO] [mixin/]: SpongePowered MIXIN Subsystem Version=0.8.7 Source=union:/C:/Users/benlo/.mcreator/gradle/caches/modules-2/files-2.1/net.fabricmc/sponge-mixin/0.15.2+mixin.0.8.7/2af2f021d8e02a0220dc27a7a72b4666d66d44ca/sponge-mixin-0.15.2+mixin.0.8.7.jar%23131!/ Service=ModLauncher Env=CLIENT
[26Mar2025 16:53:18.549] [main/WARN] [net.neoforged.fml.loading.FMLConfig/CORE]: Configuration file G:\MODS\AoW\AoW\run\config\fml.toml is not correct. Correcting
[26Mar2025 16:53:18.814] [pool-2-thread-1/INFO] [EARLYDISPLAY/]: GL info: NVIDIA GeForce RTX 3050 Ti Laptop GPU/PCIe/SSE2 GL version 4.6.0 NVIDIA 572.83, NVIDIA Corporation
[26Mar2025 16:53:19.137] [main/INFO] [net.neoforged.fml.loading.moddiscovery.locators.JarInJarDependencyLocator/]: Found 2 dependencies adding them to mods collection
[26Mar2025 16:53:19.139] [main/INFO] [net.neoforged.fml.loading.moddiscovery.ModDiscoverer/]: 
     Mod List:
		Name Version (Mod Id)

		Arcanum of Dimensions 1.0.0 (arcanum_of_dimensions)
		Arcanum of Wisdom 2.3.0 (arcanum_of_wisdom)
		Minecraft 1.21.1 (minecraft)
		NeoForge 21.1.92 (neoforge)
[26Mar2025 16:53:20.094] [main/INFO] [cpw.mods.modlauncher.LaunchServiceHandler/MODLAUNCHER]: Launching target 'forgeclientuserdev' with arguments [--version, 21.1.92, --gameDir, ., --assetsDir, C:\Users\benlo\.mcreator\gradle\caches\neoformruntime\assets, --assetIndex, 17]
[26Mar2025 16:53:21.958] [Datafixer Bootstrap/INFO] [com.mojang.datafixers.DataFixerBuilder/]: 229 Datafixer optimizations took 511 milliseconds
[26Mar2025 16:53:22.161] [pool-8-thread-1/INFO] [MixinExtras|Service/]: Initializing MixinExtras via com.llamalad7.mixinextras.service.MixinExtrasServiceImpl(version=0.4.1).
[26Mar2025 16:53:28.134] [main/WARN] [net.minecraft.commands.Commands/]: Ambiguity between arguments [teleport, location] and [teleport, destination] with inputs: [0.1 -0.5 .9, 0 0 0]
[26Mar2025 16:53:28.136] [main/WARN] [net.minecraft.commands.Commands/]: Ambiguity between arguments [teleport, location] and [teleport, targets] with inputs: [0.1 -0.5 .9, 0 0 0]
[26Mar2025 16:53:28.137] [main/WARN] [net.minecraft.commands.Commands/]: Ambiguity between arguments [teleport, destination] and [teleport, targets] with inputs: [Player, 0123, @e, dd12be42-52a9-4a91-a8a1-11c01849e498]
[26Mar2025 16:53:28.140] [main/WARN] [net.minecraft.commands.Commands/]: Ambiguity between arguments [teleport, targets] and [teleport, destination] with inputs: [Player, 0123, dd12be42-52a9-4a91-a8a1-11c01849e498]
[26Mar2025 16:53:28.141] [main/WARN] [net.minecraft.commands.Commands/]: Ambiguity between arguments [teleport, targets, location] and [teleport, targets, destination] with inputs: [0.1 -0.5 .9, 0 0 0]
[26Mar2025 16:53:28.297] [Render thread/WARN] [net.minecraft.server.packs.VanillaPackResourcesBuilder/]: Assets URL 'union:/G:/MODS/AoW/AoW/build/moddev/artifacts/neoforge-21.1.92.jar%23184!/assets/.mcassetsroot' uses unexpected schema
[26Mar2025 16:53:28.297] [Render thread/WARN] [net.minecraft.server.packs.VanillaPackResourcesBuilder/]: Assets URL 'union:/G:/MODS/AoW/AoW/build/moddev/artifacts/neoforge-21.1.92.jar%23184!/data/.mcassetsroot' uses unexpected schema
[26Mar2025 16:53:28.339] [Render thread/INFO] [com.mojang.authlib.yggdrasil.YggdrasilAuthenticationService/]: Environment: Environment[sessionHost=https://sessionserver.mojang.com, servicesHost=https://api.minecraftservices.com, name=PROD]
[26Mar2025 16:53:28.351] [Render thread/INFO] [net.minecraft.client.Minecraft/]: Setting user: Dev
[26Mar2025 16:53:28.538] [Render thread/INFO] [net.minecraft.client.Minecraft/]: Backend library: LWJGL version 3.3.3+5
[26Mar2025 16:53:28.810] [modloading-worker-0/INFO] [net.neoforged.neoforge.common.NeoForgeMod/NEOFORGE-MOD]: NeoForge mod loading, version 21.1.92, for MC 1.21.1
[26Mar2025 16:53:30.325] [Render thread/INFO] [net.neoforged.neoforge.gametest.GameTestHooks/]: Enabled Gametest Namespaces: []
[26Mar2025 16:53:30.662] [Render thread/INFO] [net.minecraft.server.packs.resources.ReloadableResourceManager/]: Reloading ResourceManager: vanilla, mod_resources, mod/neoforge, mod/arcanum_of_wisdom, mod/arcanum_of_dimensions
[26Mar2025 16:53:30.880] [Worker-Main-11/INFO] [net.minecraft.client.gui.font.providers.UnihexProvider/]: Found unifont_all_no_pua-15.1.05.hex, loading
[26Mar2025 16:53:30.996] [Worker-Main-3/INFO] [net.minecraft.client.gui.font.providers.UnihexProvider/]: Found unifont_jp_patch-15.1.05.hex, loading
[26Mar2025 16:53:31.240] [Worker-Main-4/WARN] [net.minecraft.client.renderer.texture.SpriteLoader/]: Texture arcanum_of_wisdom:item/encryptedalchemybook with size 10x14 limits mip level from 2 to 1
[26Mar2025 16:53:32.751] [Render thread/WARN] [net.minecraft.client.sounds.SoundEngine/]: Missing sound for event: minecraft:item.goat_horn.play
[26Mar2025 16:53:32.751] [Render thread/WARN] [net.minecraft.client.sounds.SoundEngine/]: Missing sound for event: minecraft:entity.goat.screaming.horn_break
[26Mar2025 16:53:32.812] [Render thread/INFO] [com.mojang.blaze3d.audio.Library/]: OpenAL initialized on device OpenAL Soft on PL2710HD (NVIDIA High Definition Audio)
[26Mar2025 16:53:32.813] [Render thread/INFO] [net.minecraft.client.sounds.SoundEngine/SOUNDS]: Sound engine started
[26Mar2025 16:53:32.945] [Render thread/INFO] [net.minecraft.client.renderer.texture.TextureAtlas/]: Created: 1024x1024x2 minecraft:textures/atlas/blocks.png-atlas
[26Mar2025 16:53:32.952] [Render thread/INFO] [net.minecraft.client.renderer.texture.TextureAtlas/]: Created: 256x256x2 minecraft:textures/atlas/signs.png-atlas
[26Mar2025 16:53:32.952] [Render thread/INFO] [net.minecraft.client.renderer.texture.TextureAtlas/]: Created: 512x512x2 minecraft:textures/atlas/shield_patterns.png-atlas
[26Mar2025 16:53:32.953] [Render thread/INFO] [net.minecraft.client.renderer.texture.TextureAtlas/]: Created: 512x512x2 minecraft:textures/atlas/banner_patterns.png-atlas
[26Mar2025 16:53:32.954] [Render thread/INFO] [net.minecraft.client.renderer.texture.TextureAtlas/]: Created: 1024x1024x2 minecraft:textures/atlas/armor_trims.png-atlas
[26Mar2025 16:53:32.957] [Render thread/INFO] [net.minecraft.client.renderer.texture.TextureAtlas/]: Created: 256x256x2 minecraft:textures/atlas/chest.png-atlas
[26Mar2025 16:53:32.958] [Render thread/INFO] [net.minecraft.client.renderer.texture.TextureAtlas/]: Created: 128x64x2 minecraft:textures/atlas/decorated_pot.png-atlas
[26Mar2025 16:53:32.958] [Render thread/INFO] [net.minecraft.client.renderer.texture.TextureAtlas/]: Created: 512x256x2 minecraft:textures/atlas/beds.png-atlas
[26Mar2025 16:53:32.958] [Render thread/INFO] [net.minecraft.client.renderer.texture.TextureAtlas/]: Created: 512x256x2 minecraft:textures/atlas/shulker_boxes.png-atlas
[26Mar2025 16:53:33.253] [Render thread/INFO] [net.minecraft.client.renderer.texture.TextureAtlas/]: Created: 512x256x0 minecraft:textures/atlas/particles.png-atlas
[26Mar2025 16:53:33.255] [Render thread/INFO] [net.minecraft.client.renderer.texture.TextureAtlas/]: Created: 512x256x0 minecraft:textures/atlas/paintings.png-atlas
[26Mar2025 16:53:33.256] [Render thread/INFO] [net.minecraft.client.renderer.texture.TextureAtlas/]: Created: 256x128x0 minecraft:textures/atlas/mob_effects.png-atlas
[26Mar2025 16:53:33.256] [Render thread/INFO] [net.minecraft.client.renderer.texture.TextureAtlas/]: Created: 64x64x0 minecraft:textures/atlas/map_decorations.png-atlas
[26Mar2025 16:53:33.256] [Render thread/INFO] [net.minecraft.client.renderer.texture.TextureAtlas/]: Created: 1024x512x0 minecraft:textures/atlas/gui.png-atlas
[26Mar2025 16:53:33.286] [Render thread/WARN] [net.minecraft.client.renderer.ShaderInstance/]: Shader rendertype_entity_translucent_emissive could not find sampler named Sampler2 in the specified shader program.
[26Mar2025 16:53:33.354] [Render thread/INFO] [net.neoforged.neoforge.client.entity.animation.json.AnimationLoader/]: Loaded 0 entity animations
[26Mar2025 16:53:39.055] [Render thread/INFO] [net.minecraft.world.item.crafting.RecipeManager/]: Loaded 1294 recipes
[26Mar2025 16:53:39.256] [Render thread/INFO] [net.minecraft.advancements.AdvancementTree/]: Loaded 1417 advancements
[26Mar2025 16:53:39.259] [Render thread/WARN] [net.neoforged.neoforge.common.loot.LootModifierManager/]: Could not decode GlobalLootModifier with json id arcanum_of_wisdom:buried_treasure_chest - error: Not a JSON object: null
[26Mar2025 16:53:39.259] [Render thread/WARN] [net.neoforged.neoforge.common.loot.LootModifierManager/]: Could not decode GlobalLootModifier with json id arcanum_of_wisdom:underwater_ruin_big_chest - error: Not a JSON object: null
[26Mar2025 16:53:39.259] [Render thread/WARN] [net.neoforged.neoforge.common.loot.LootModifierManager/]: Could not decode GlobalLootModifier with json id arcanum_of_wisdom:stronghold_library_chest - error: Not a JSON object: null
[26Mar2025 16:53:39.259] [Render thread/WARN] [net.neoforged.neoforge.common.loot.LootModifierManager/]: Could not decode GlobalLootModifier with json id arcanum_of_wisdom:villager_weaponsmith_gift_p - error: Not a JSON object: null
[26Mar2025 16:53:39.259] [Render thread/WARN] [net.neoforged.neoforge.common.loot.LootModifierManager/]: Could not decode GlobalLootModifier with json id arcanum_of_wisdom:jungle_temple_treasure - error: Not a JSON object: null
[26Mar2025 16:53:39.259] [Render thread/WARN] [net.neoforged.neoforge.common.loot.LootModifierManager/]: Could not decode GlobalLootModifier with json id arcanum_of_wisdom:village_toolsmith_chest - error: Not a JSON object: null
[26Mar2025 16:53:39.259] [Render thread/WARN] [net.neoforged.neoforge.common.loot.LootModifierManager/]: Could not decode GlobalLootModifier with json id arcanum_of_wisdom:villager_toolsmith_gift_p - error: Not a JSON object: null
[26Mar2025 16:53:39.259] [Render thread/WARN] [net.neoforged.neoforge.common.loot.LootModifierManager/]: Could not decode GlobalLootModifier with json id arcanum_of_wisdom:villager_cleric_gift_p - error: Not a JSON object: null
[26Mar2025 16:53:39.259] [Render thread/WARN] [net.neoforged.neoforge.common.loot.LootModifierManager/]: Could not decode GlobalLootModifier with json id arcanum_of_wisdom:villager_librarian_gift_p - error: Not a JSON object: null
[26Mar2025 16:53:39.259] [Render thread/WARN] [net.neoforged.neoforge.common.loot.LootModifierManager/]: Could not decode GlobalLootModifier with json id arcanum_of_wisdom:woodland_mansion_chest - error: Not a JSON object: null
[26Mar2025 16:53:40.055] [Server thread/INFO] [net.minecraft.client.server.IntegratedServer/]: Starting integrated minecraft server version 1.21.1
[26Mar2025 16:53:40.055] [Server thread/INFO] [net.minecraft.server.MinecraftServer/]: Generating keypair
[26Mar2025 16:53:42.289] [Server thread/INFO] [net.minecraft.server.MinecraftServer/]: Preparing start region for dimension minecraft:overworld
[26Mar2025 16:53:42.520] [progressListener/INFO] [net.minecraft.server.level.progress.LoggerChunkProgressListener/]: Preparing spawn area: 0%
[26Mar2025 16:53:42.782] [Server thread/INFO] [net.neoforged.neoforge.server.permission.PermissionAPI/]: Successfully initialized permission handler neoforge:default_handler
[26Mar2025 16:53:42.797] [progressListener/INFO] [net.minecraft.server.level.progress.LoggerChunkProgressListener/]: Time elapsed: 496 ms
[26Mar2025 16:53:42.875] [Server thread/INFO] [net.minecraft.client.server.IntegratedServer/]: Changing view distance to 5, from 10
[26Mar2025 16:53:42.875] [Server thread/INFO] [net.minecraft.client.server.IntegratedServer/]: Changing simulation distance to 12, from 0
[26Mar2025 16:53:44.099] [Server thread/INFO] [net.minecraft.server.players.PlayerList/]: Dev[local:E:336f8c8c] logged in with entity id 75 at (-796.3947877459647, 70.0, -135.402320439845)
[26Mar2025 16:53:44.190] [Server thread/INFO] [net.minecraft.server.MinecraftServer/]: Dev joined the game
[26Mar2025 16:53:44.228] [Server thread/WARN] [net.minecraft.world.scores.Scoreboard/]: Requested creation of existing team 'aow_raider_elixir'
[26Mar2025 16:53:44.442] [Render thread/INFO] [net.minecraft.advancements.AdvancementTree/]: Loaded 229 advancements
[26Mar2025 16:56:33.492] [Render thread/WARN] [net.minecraft.client.sounds.SoundEngine/SOUNDS]: Unable to play empty soundEvent: minecraft:entity.cod.ambient
[26Mar2025 16:56:41.385] [Server thread/INFO] [net.minecraft.client.server.IntegratedServer/]: Saving and pausing game...
[26Mar2025 16:56:41.457] [Server thread/INFO] [net.minecraft.server.MinecraftServer/]: Saving chunks for level 'ServerLevel[New World]'/minecraft:overworld
[26Mar2025 16:56:41.509] [Server thread/INFO] [net.minecraft.server.MinecraftServer/]: Saving chunks for level 'ServerLevel[New World]'/arcanum_of_dimensions:warrior_plains
[26Mar2025 16:56:41.517] [Server thread/INFO] [net.minecraft.server.MinecraftServer/]: Saving chunks for level 'ServerLevel[New World]'/arcanum_of_wisdom:arcana_plains
[26Mar2025 16:56:41.527] [Server thread/INFO] [net.minecraft.server.MinecraftServer/]: Saving chunks for level 'ServerLevel[New World]'/minecraft:the_end
[26Mar2025 16:56:41.535] [Server thread/INFO] [net.minecraft.server.MinecraftServer/]: Saving chunks for level 'ServerLevel[New World]'/minecraft:the_nether
[26Mar2025 16:56:41.791] [Server thread/INFO] [net.minecraft.server.network.ServerGamePacketListenerImpl/]: Dev lost connection: Disconnected
[26Mar2025 16:56:41.792] [Server thread/INFO] [net.minecraft.server.MinecraftServer/]: Dev left the game
[26Mar2025 16:56:41.813] [Server thread/INFO] [net.minecraft.server.network.ServerCommonPacketListenerImpl/]: Stopping singleplayer server as player logged out
[26Mar2025 16:56:41.836] [Server thread/INFO] [net.minecraft.server.MinecraftServer/]: Stopping server
[26Mar2025 16:56:41.837] [Server thread/INFO] [net.minecraft.server.MinecraftServer/]: Saving players
[26Mar2025 16:56:41.838] [Server thread/INFO] [net.minecraft.server.MinecraftServer/]: Saving worlds
[26Mar2025 16:56:41.922] [Server thread/INFO] [net.minecraft.server.MinecraftServer/]: Saving chunks for level 'ServerLevel[New World]'/minecraft:overworld
[26Mar2025 16:56:42.029] [Server thread/INFO] [net.minecraft.server.MinecraftServer/]: Saving chunks for level 'ServerLevel[New World]'/arcanum_of_dimensions:warrior_plains
[26Mar2025 16:56:42.034] [Server thread/INFO] [net.minecraft.server.MinecraftServer/]: Saving chunks for level 'ServerLevel[New World]'/arcanum_of_wisdom:arcana_plains
[26Mar2025 16:56:42.038] [Server thread/INFO] [net.minecraft.server.MinecraftServer/]: Saving chunks for level 'ServerLevel[New World]'/minecraft:the_end
[26Mar2025 16:56:42.042] [Server thread/INFO] [net.minecraft.server.MinecraftServer/]: Saving chunks for level 'ServerLevel[New World]'/minecraft:the_nether
[26Mar2025 16:56:42.116] [Server thread/INFO] [net.minecraft.server.MinecraftServer/]: ThreadedAnvilChunkStorage (New World (1)): All chunks are saved
[26Mar2025 16:56:42.116] [Server thread/INFO] [net.minecraft.server.MinecraftServer/]: ThreadedAnvilChunkStorage (warrior_plains): All chunks are saved
[26Mar2025 16:56:42.117] [Server thread/INFO] [net.minecraft.server.MinecraftServer/]: ThreadedAnvilChunkStorage (arcana_plains): All chunks are saved
[26Mar2025 16:56:42.117] [Server thread/INFO] [net.minecraft.server.MinecraftServer/]: ThreadedAnvilChunkStorage (DIM1): All chunks are saved
[26Mar2025 16:56:42.117] [Server thread/INFO] [net.minecraft.server.MinecraftServer/]: ThreadedAnvilChunkStorage (DIM-1): All chunks are saved
[26Mar2025 16:56:42.118] [Server thread/INFO] [net.minecraft.server.MinecraftServer/]: ThreadedAnvilChunkStorage: All dimensions are saved
[26Mar2025 16:56:43.501] [Render thread/INFO] [net.minecraft.client.Minecraft/]: Stopping!
